\BOOKMARK [1][-]{section.1}{System netlist}{}% 1
\BOOKMARK [1][-]{section.2}{Core dimensions}{}% 2
\BOOKMARK [1][-]{section.3}{Core quantities}{}% 3
\BOOKMARK [2][-]{subsection.3.1}{Core constants}{section.3}% 4
\BOOKMARK [2][-]{subsection.3.2}{Core variables}{section.3}% 5
\BOOKMARK [2][-]{subsection.3.3}{Core inputs}{section.3}% 6
\BOOKMARK [2][-]{subsection.3.4}{Core outputs}{section.3}% 7
\BOOKMARK [2][-]{subsection.3.5}{Core connectors}{section.3}% 8
\BOOKMARK [1][-]{section.4}{Core constitutive relations}{}% 9
\BOOKMARK [2][-]{subsection.4.1}{Core storage function}{section.4}% 10
\BOOKMARK [2][-]{subsection.4.2}{Core dissipation function}{section.4}% 11
\BOOKMARK [1][-]{section.5}{Core structure}{}% 12
\BOOKMARK [2][-]{subsection.5.1}{Core M-structure}{section.5}% 13
\BOOKMARK [2][-]{subsection.5.2}{Core J-structure}{section.5}% 14
\BOOKMARK [2][-]{subsection.5.3}{Core R-structure}{section.5}% 15
